// Jest Snapshot v1, https://goo.gl/fbAQLP

exports[` Pruebas en hook MultiplesCustomshooks Debe de mostrarse correctamente 1`] = `
<div>
  <h3>
     BreakingBad 
  </h3>
  <hr />
  <div
    className="alert alert-info text-center"
  >
    loading...
  </div>
  <button
    className="btn btn-info"
    onClick={[Function]}
  >
     Siguiente Frase 
  </button>
</div>
`;
