// Jest Snapshot v1, https://goo.gl/fbAQLP

exports[`pruebas hook RealExampleRef debe de mostrarse bien  1`] = `
<div>
  <h1>
     RealExpample Ref
  </h1>
  <hr />
  <button
    className="btn btn-info mt-3"
    onClick={[Function]}
  >
    Show - hide
  </button>
</div>
`;
