// Jest Snapshot v1, https://goo.gl/fbAQLP

exports[`se renderiza bien HookApp debe hacer match 1`] = `
<div>
  hla mundoooo
</div>
`;
