// Jest Snapshot v1, https://goo.gl/fbAQLP

exports[`Pruebas en HomeScrren debe de mostrarse bien 1`] = `
<div>
  <h1>
    HomeScreen
  </h1>
  <hr />
  <pre>
    {"name":"Andres","email":"andres@8.com"}
  </pre>
</div>
`;
